2015-06-30,null,null,null,null,null,null
LILAK.csv
2015-03-13,null,null,null,null,null,null
LVLT.csv
2016-09-14,null,null,null,null,null,null
QVCA.csv
2015-06-24,null,null,null,null,null,null
LILAK.csv
2015-06-25,null,null,null,null,null,null
LILAK.csv
2015-06-26,null,null,null,null,null,null
LILAK.csv
2015-06-29,null,null,null,null,null,null
LILAK.csv
2015-06-30,null,null,null,null,null,null
LILAK.csv
2015-03-13,null,null,null,null,null,null
LVLT.csv
2016-09-14,null,null,null,null,null,null
QVCA.csv
2015-06-24,null,null,null,null,null,null
LILAK.csv
2015-06-25,null,null,null,null,null,null
LILAK.csv
2015-06-26,null,null,null,null,null,null
LILAK.csv
2015-06-29,null,null,null,null,null,null
LILAK.csv
2015-06-30,null,null,null,null,null,null
LILAK.csv
2015-03-13,null,null,null,null,null,null
LVLT.csv
2016-09-14,null,null,null,null,null,null
QVCA.csv
2015-06-24,null,null,null,null,null,null
LILAK.csv
2015-06-25,null,null,null,null,null,null
LILAK.csv
2015-06-26,null,null,null,null,null,null
LILAK.csv
2015-06-29,null,null,null,null,null,null
LILAK.csv
2015-06-30,null,null,null,null,null,null
LILAK.csv
2015-03-13,null,null,null,null,null,null
LVLT.csv
2016-09-14,null,null,null,null,null,null
QVCA.csv
2015-06-24,null,null,null,null,null,null
LILAK.csv
2015-06-25,null,null,null,null,null,null
LILAK.csv
2015-06-26,null,null,null,null,null,null
LILAK.csv
2015-06-29,null,null,null,null,null,null
LILAK.csv
2015-06-30,null,null,null,null,null,null
LILAK.csv
2015-03-13,null,null,null,null,null,null
LVLT.csv
2016-09-14,null,null,null,null,null,null
QVCA.csv
2015-06-24,null,null,null,null,null,null
LILAK.csv
2015-06-25,null,null,null,null,null,null
LILAK.csv
2015-06-26,null,null,null,null,null,null
LILAK.csv
2015-06-29,null,null,null,null,null,null
LILAK.csv
2015-06-30,null,null,null,null,null,null
LILAK.csv
2015-03-13,null,null,null,null,null,null
LVLT.csv
2016-09-14,null,null,null,null,null,null
QVCA.csv
2015-06-24,null,null,null,null,null,null
LILAK.csv
2015-06-25,null,null,null,null,null,null
LILAK.csv
2015-06-26,null,null,null,null,null,null
LILAK.csv
2015-06-29,null,null,null,null,null,null
LILAK.csv
2015-06-30,null,null,null,null,null,null
LILAK.csv
2015-03-13,null,null,null,null,null,null
LVLT.csv
2016-09-14,null,null,null,null,null,null
QVCA.csv
2015-06-24,null,null,null,null,null,null
LILAK.csv
2015-06-25,null,null,null,null,null,null
LILAK.csv
2015-06-26,null,null,null,null,null,null
LILAK.csv
2015-06-29,null,null,null,null,null,null
LILAK.csv
2015-06-30,null,null,null,null,null,null
LILAK.csv
2015-03-13,null,null,null,null,null,null
LVLT.csv
2016-09-14,null,null,null,null,null,null
QVCA.csv
2015-06-24,null,null,null,null,null,null
LILAK.csv
2015-06-25,null,null,null,null,null,null
LILAK.csv
2015-06-26,null,null,null,null,null,null
LILAK.csv
2015-06-29,null,null,null,null,null,null
LILAK.csv
2015-06-30,null,null,null,null,null,null
LILAK.csv
2015-03-13,null,null,null,null,null,null
LVLT.csv
2016-09-14,null,null,null,null,null,null
QVCA.csv
2015-06-24,null,null,null,null,null,null
LILAK.csv
2015-06-25,null,null,null,null,null,null
LILAK.csv
2015-06-26,null,null,null,null,null,null
LILAK.csv
2015-06-29,null,null,null,null,null,null
LILAK.csv
2015-06-30,null,null,null,null,null,null
LILAK.csv
2015-03-13,null,null,null,null,null,null
LVLT.csv
2016-09-14,null,null,null,null,null,null
QVCA.csv
2015-06-24,null,null,null,null,null,null
LILAK.csv
2015-06-25,null,null,null,null,null,null
LILAK.csv
2015-06-26,null,null,null,null,null,null
LILAK.csv
2015-06-29,null,null,null,null,null,null
LILAK.csv
2015-06-30,null,null,null,null,null,null
LILAK.csv
2015-03-13,null,null,null,null,null,null
LVLT.csv
2016-09-14,null,null,null,null,null,null
QVCA.csv
2015-06-24,null,null,null,null,null,null
LILAK.csv
2015-06-25,null,null,null,null,null,null
LILAK.csv
2015-06-26,null,null,null,null,null,null
LILAK.csv
2015-06-29,null,null,null,null,null,null
LILAK.csv
2015-06-30,null,null,null,null,null,null
LILAK.csv
2015-03-13,null,null,null,null,null,null
LVLT.csv
2016-09-14,null,null,null,null,null,null
QVCA.csv
2015-06-24,null,null,null,null,null,null
LILAK.csv
2015-06-25,null,null,null,null,null,null
LILAK.csv
2015-06-26,null,null,null,null,null,null
LILAK.csv
2015-06-29,null,null,null,null,null,null
LILAK.csv
2015-06-30,null,null,null,null,null,null
LILAK.csv
2015-03-13,null,null,null,null,null,null
LVLT.csv
2016-09-14,null,null,null,null,null,null
QVCA.csv
2015-06-24,null,null,null,null,null,null
LILAK.csv
2015-06-25,null,null,null,null,null,null
LILAK.csv
2015-06-26,null,null,null,null,null,null
LILAK.csv
2015-06-29,null,null,null,null,null,null
LILAK.csv
2015-06-30,null,null,null,null,null,null
LILAK.csv
2015-03-13,null,null,null,null,null,null
LVLT.csv
2016-09-14,null,null,null,null,null,null
QVCA.csv
2015-06-24,null,null,null,null,null,null
LILAK.csv
2015-06-25,null,null,null,null,null,null
LILAK.csv
2015-06-26,null,null,null,null,null,null
LILAK.csv
2015-06-29,null,null,null,null,null,null
LILAK.csv
2015-06-30,null,null,null,null,null,null
LILAK.csv
2015-03-13,null,null,null,null,null,null
LVLT.csv
2016-09-14,null,null,null,null,null,null
QVCA.csv
2015-06-24,null,null,null,null,null,null
LILAK.csv
2015-06-25,null,null,null,null,null,null
LILAK.csv
2015-06-26,null,null,null,null,null,null
LILAK.csv
2015-06-29,null,null,null,null,null,null
LILAK.csv
2015-06-30,null,null,null,null,null,null
LILAK.csv
2015-03-13,null,null,null,null,null,null
LVLT.csv
2016-09-14,null,null,null,null,null,null
QVCA.csv
2015-06-24,null,null,null,null,null,null
LILAK.csv
2015-06-25,null,null,null,null,null,null
LILAK.csv
2015-06-26,null,null,null,null,null,null
LILAK.csv
2015-06-29,null,null,null,null,null,null
LILAK.csv
2015-06-30,null,null,null,null,null,null
LILAK.csv
2015-03-13,null,null,null,null,null,null
LVLT.csv
2016-09-14,null,null,null,null,null,null
QVCA.csv
2015-06-24,null,null,null,null,null,null
LILAK.csv
2015-06-25,null,null,null,null,null,null
LILAK.csv
2015-06-26,null,null,null,null,null,null
LILAK.csv
2015-06-29,null,null,null,null,null,null
LILAK.csv
2015-06-30,null,null,null,null,null,null
LILAK.csv
2015-03-13,null,null,null,null,null,null
LVLT.csv
2016-09-14,null,null,null,null,null,null
QVCA.csv
2015-06-24,null,null,null,null,null,null
LILAK.csv
2015-06-25,null,null,null,null,null,null
LILAK.csv
2015-06-26,null,null,null,null,null,null
LILAK.csv
2015-06-29,null,null,null,null,null,null
LILAK.csv
2015-06-30,null,null,null,null,null,null
LILAK.csv
2015-03-13,null,null,null,null,null,null
LVLT.csv
2016-09-14,null,null,null,null,null,null
QVCA.csv
2015-06-24,null,null,null,null,null,null
LILAK.csv
2015-06-25,null,null,null,null,null,null
LILAK.csv
2015-06-26,null,null,null,null,null,null
LILAK.csv
2015-06-29,null,null,null,null,null,null
LILAK.csv
2015-06-30,null,null,null,null,null,null
LILAK.csv
2015-03-13,null,null,null,null,null,null
LVLT.csv
2016-09-14,null,null,null,null,null,null
QVCA.csv
2015-06-24,null,null,null,null,null,null
LILAK.csv
2015-06-25,null,null,null,null,null,null
LILAK.csv
2015-06-26,null,null,null,null,null,null
LILAK.csv
2015-06-29,null,null,null,null,null,null
LILAK.csv
2015-06-30,null,null,null,null,null,null
LILAK.csv
2015-03-13,null,null,null,null,null,null
LVLT.csv
2016-09-14,null,null,null,null,null,null
QVCA.csv
2015-06-24,null,null,null,null,null,null
LILAK.csv
2015-06-25,null,null,null,null,null,null
LILAK.csv
2015-06-26,null,null,null,null,null,null
LILAK.csv
2015-06-29,null,null,null,null,null,null
LILAK.csv
2015-06-30,null,null,null,null,null,null
LILAK.csv
2015-03-13,null,null,null,null,null,null
LVLT.csv
2016-09-14,null,null,null,null,null,null
QVCA.csv
2015-06-24,null,null,null,null,null,null
LILAK.csv
2015-06-25,null,null,null,null,null,null
LILAK.csv
2015-06-26,null,null,null,null,null,null
LILAK.csv
2015-06-29,null,null,null,null,null,null
LILAK.csv
2015-06-30,null,null,null,null,null,null
LILAK.csv
2015-03-13,null,null,null,null,null,null
LVLT.csv
2016-09-14,null,null,null,null,null,null
QVCA.csv
2015-06-24,null,null,null,null,null,null
LILAK.csv
2015-06-25,null,null,null,null,null,null
LILAK.csv
2015-06-26,null,null,null,null,null,null
LILAK.csv
2015-06-29,null,null,null,null,null,null
LILAK.csv
2015-06-30,null,null,null,null,null,null
LILAK.csv
2015-03-13,null,null,null,null,null,null
LVLT.csv
